  main.cpp
C:\Users\USER\Documents\data-structure-lab-2026-4\Lec10_graph\Lec10_graph\AdjMatGraph.h(85,18): warning C4473: 'fscanf_s': 서식 문자열에 대한 인수가 충분하게 전달되지 않았습니다.
  (소스 파일 'main.cpp'을(를) 컴파일하는 중)
  C:\Users\USER\Documents\data-structure-lab-2026-4\Lec10_graph\Lec10_graph\AdjMatGraph.h(85,18):
  자리 표시자 및 해당 매개 변수에는 variadic 인수가 2개 필요하지만 1개가 제공되었습니다.
  C:\Users\USER\Documents\data-structure-lab-2026-4\Lec10_graph\Lec10_graph\AdjMatGraph.h(85,18):
  누락된 variadic 인수 2이(가) 서식 문자열 '%s'에 필요합니다.
  C:\Users\USER\Documents\data-structure-lab-2026-4\Lec10_graph\Lec10_graph\AdjMatGraph.h(85,18):
  이 인수는 버퍼 크기로 사용됩니다.
  
C:\Users\USER\Documents\data-structure-lab-2026-4\Lec10_graph\Lec10_graph\AdjMatGraph.h(80,11): warning C4101: 'val' :참조되지 않은 지역 변수입니다.
  (소스 파일 'main.cpp'을(를) 컴파일하는 중)
  
C:\Users\USER\Documents\data-structure-lab-2026-4\Lec10_graph\Lec10_graph\AdjMatGraph.h(115,12): error C2512: 'HeapNode': 사용할 수 있는 적절한 기본 생성자가 없습니다.
  (소스 파일 'main.cpp'을(를) 컴파일하는 중)
  C:\Users\USER\Documents\data-structure-lab-2026-4\Lec10_graph\Lec10_graph\AdjMatGraph.h(97,7):
  'HeapNode' 선언을 참조하십시오.
  
C:\Users\USER\Documents\data-structure-lab-2026-4\Lec10_graph\Lec10_graph\AdjMatGraph.h(131,16): error C2660: 'HeapNode::setKey': 함수는 3개의 인수를 사용하지 않습니다.
  (소스 파일 'main.cpp'을(를) 컴파일하는 중)
  C:\Users\USER\Documents\data-structure-lab-2026-4\Lec10_graph\Lec10_graph\AdjMatGraph.h(103,10):
  'HeapNode::setKey' 선언을 참조하십시오.
  C:\Users\USER\Documents\data-structure-lab-2026-4\Lec10_graph\Lec10_graph\AdjMatGraph.h(131,16):
  인수 목록 '(int, int, int)'을(를) 일치시키는 동안
  
C:\Users\USER\Documents\data-structure-lab-2026-4\Lec10_graph\Lec10_graph\AdjMatGraph.h(169,9): error C2065: 'VertexSets': 선언되지 않은 식별자입니다.
  (소스 파일 'main.cpp'을(를) 컴파일하는 중)
  
C:\Users\USER\Documents\data-structure-lab-2026-4\Lec10_graph\Lec10_graph\AdjMatGraph.h(169,20): error C2146: 구문 오류: ';'이(가) 'set' 식별자 앞에 없습니다.
  (소스 파일 'main.cpp'을(를) 컴파일하는 중)
  
C:\Users\USER\Documents\data-structure-lab-2026-4\Lec10_graph\Lec10_graph\AdjMatGraph.h(169,20): error C3861: 'set': 식별자를 찾을 수 없습니다.
  (소스 파일 'main.cpp'을(를) 컴파일하는 중)
  
C:\Users\USER\Documents\data-structure-lab-2026-4\Lec10_graph\Lec10_graph\AdjMatGraph.h(172,25): error C2440: '초기화 중': 'HeapNode'에서 'HeapNode &'(으)로 변환할 수 없습니다.
  (소스 파일 'main.cpp'을(를) 컴파일하는 중)
  C:\Users\USER\Documents\data-structure-lab-2026-4\Lec10_graph\Lec10_graph\AdjMatGraph.h(172,25):
  비const 참조는 lvalue에만 바인딩할 수 있습니다.
  
C:\Users\USER\Documents\data-structure-lab-2026-4\Lec10_graph\Lec10_graph\AdjMatGraph.h(173,24): error C2065: 'set': 선언되지 않은 식별자입니다.
  (소스 파일 'main.cpp'을(를) 컴파일하는 중)
  
C:\Users\USER\Documents\data-structure-lab-2026-4\Lec10_graph\Lec10_graph\AdjMatGraph.h(174,24): error C2065: 'set': 선언되지 않은 식별자입니다.
  (소스 파일 'main.cpp'을(를) 컴파일하는 중)
  
C:\Users\USER\Documents\data-structure-lab-2026-4\Lec10_graph\Lec10_graph\AdjMatGraph.h(178,17): error C2065: 'set': 선언되지 않은 식별자입니다.
  (소스 파일 'main.cpp'을(를) 컴파일하는 중)
  
C:\Users\USER\Documents\data-structure-lab-2026-4\Lec10_graph\Lec10_graph\main.cpp(2,10): error C1083: 포함 파일을 열 수 없습니다. 'WGraphMST.h': No such file or directory
